com.hanquez.feedfetcher.api.fetcher.FeedFetcherTest.getDescriptionByFeedFetcherAPI=[
  "Le podcast sur l\u0027actualit√© tech, les startups avec une bonne dose d\u0027inspiration pour se motiver."
]